// Jest Snapshot v1, https://goo.gl/fbAQLP

exports[`Get Directions Suite ShowDirection snapshot 1`] = `null`;
